[0m13:50:36.932547 [debug] [MainThread]: Sending event: {'category': 'dbt', 'action': 'invocation', 'label': 'start', 'context': [<snowplow_tracker.self_describing_json.SelfDescribingJson object at 0x7f3ae19e2dc0>, <snowplow_tracker.self_describing_json.SelfDescribingJson object at 0x7f3adf2bae50>, <snowplow_tracker.self_describing_json.SelfDescribingJson object at 0x7f3adf2badf0>]}


============================== 13:50:36.937823 | b74631d2-5514-4d9c-8dfa-b5093e3179eb ==============================
[0m13:50:36.937823 [info ] [MainThread]: Running with dbt=1.6.6
[0m13:50:36.938732 [debug] [MainThread]: running dbt with arguments {'printer_width': '80', 'indirect_selection': 'eager', 'write_json': 'True', 'log_cache_events': 'False', 'partial_parse': 'True', 'cache_selected_only': 'False', 'warn_error': 'None', 'fail_fast': 'False', 'version_check': 'True', 'log_path': 'logs', 'profiles_dir': '/home/chris/.dbt', 'debug': 'False', 'use_colors': 'True', 'use_experimental_parser': 'False', 'no_print': 'None', 'quiet': 'False', 'warn_error_options': 'WarnErrorOptions(include=[], exclude=[])', 'introspect': 'True', 'log_format': 'default', 'static_parser': 'True', 'target_path': 'None', 'invocation_command': 'dbt init monitoring', 'send_anonymous_usage_stats': 'True'}
[0m13:50:36.939608 [warn ] [MainThread]: [ConfigFolderDirectory]: Unable to parse dict {'dir': PosixPath('/home/chris/.dbt')}
[0m13:50:36.940213 [info ] [MainThread]: Creating dbt configuration folder at 
[0m13:50:36.941731 [debug] [MainThread]: Starter project path: /mnt/encrypted_data/git/data-testing/venv/lib/python3.9/site-packages/dbt/include/starter_project
[0m13:50:36.945472 [info ] [MainThread]: 
Your new dbt project "monitoring" was created!

For more information on how to configure the profiles.yml file,
please consult the dbt documentation here:

  https://docs.getdbt.com/docs/configure-your-profile

One more thing:

Need help? Don't hesitate to reach out to us via GitHub issues or on Slack:

  https://community.getdbt.com/

Happy modeling!

[0m13:50:36.946671 [info ] [MainThread]: Setting up your profile.
[0m13:53:22.125394 [info ] [MainThread]: Profile monitoring written to /home/chris/.dbt/profiles.yml using target's profile_template.yml and your supplied values. Run 'dbt debug' to validate the connection.
[0m13:53:22.126719 [debug] [MainThread]: Command `dbt init` succeeded at 13:53:22.126504 after 165.20 seconds
[0m13:53:22.127453 [debug] [MainThread]: Sending event: {'category': 'dbt', 'action': 'invocation', 'label': 'end', 'context': [<snowplow_tracker.self_describing_json.SelfDescribingJson object at 0x7f3ae19e2dc0>, <snowplow_tracker.self_describing_json.SelfDescribingJson object at 0x7f3adf2bae20>, <snowplow_tracker.self_describing_json.SelfDescribingJson object at 0x7f3adf2baeb0>]}
[0m13:53:22.128185 [debug] [MainThread]: Flushing usage events
[0m13:55:23.829587 [debug] [MainThread]: Sending event: {'category': 'dbt', 'action': 'invocation', 'label': 'start', 'context': [<snowplow_tracker.self_describing_json.SelfDescribingJson object at 0x7f8a7f517c10>, <snowplow_tracker.self_describing_json.SelfDescribingJson object at 0x7f8a7b58a8b0>, <snowplow_tracker.self_describing_json.SelfDescribingJson object at 0x7f8a7b58a490>]}


============================== 13:55:23.834963 | 5eb8d74e-0aec-4dab-a93e-163805e54483 ==============================
[0m13:55:23.834963 [info ] [MainThread]: Running with dbt=1.6.6
[0m13:55:23.835893 [debug] [MainThread]: running dbt with arguments {'printer_width': '80', 'indirect_selection': 'eager', 'write_json': 'True', 'log_cache_events': 'False', 'partial_parse': 'True', 'cache_selected_only': 'False', 'warn_error': 'None', 'fail_fast': 'False', 'profiles_dir': '/home/chris/.dbt', 'log_path': 'logs', 'debug': 'False', 'version_check': 'True', 'use_colors': 'True', 'use_experimental_parser': 'False', 'no_print': 'None', 'quiet': 'False', 'warn_error_options': 'WarnErrorOptions(include=[], exclude=[])', 'static_parser': 'True', 'log_format': 'default', 'introspect': 'True', 'target_path': 'None', 'invocation_command': 'dbt debug', 'send_anonymous_usage_stats': 'True'}
[0m13:55:23.836908 [info ] [MainThread]: dbt version: 1.6.6
[0m13:55:23.837486 [info ] [MainThread]: python version: 3.9.18
[0m13:55:23.838010 [info ] [MainThread]: python path: /mnt/encrypted_data/git/data-testing/venv/bin/python3.9
[0m13:55:23.838503 [info ] [MainThread]: os info: Linux-6.4.0-060400-generic-x86_64-with-glibc2.35
[0m13:55:25.017300 [info ] [MainThread]: Using profiles dir at /home/chris/.dbt
[0m13:55:25.018159 [info ] [MainThread]: Using profiles.yml file at /home/chris/.dbt/profiles.yml
[0m13:55:25.018763 [info ] [MainThread]: Using dbt_project.yml file at /mnt/encrypted_data/git/data-testing/monitoring/dbt_project.yml
[0m13:55:25.019540 [info ] [MainThread]: adapter type: bigquery
[0m13:55:25.020145 [info ] [MainThread]: adapter version: 1.6.7
[0m13:55:25.020700 [info ] [MainThread]: Configuration:
[0m13:55:25.021207 [info ] [MainThread]:   profiles.yml file [[32mOK found and valid[0m]
[0m13:55:25.021704 [info ] [MainThread]:   dbt_project.yml file [[31mERROR not found[0m]
[0m13:55:25.022196 [info ] [MainThread]: Required dependencies:
[0m13:55:25.022728 [debug] [MainThread]: Executing "git --help"
[0m13:55:25.034011 [debug] [MainThread]: STDOUT: "b"usage: git [--version] [--help] [-C <path>] [-c <name>=<value>]\n           [--exec-path[=<path>]] [--html-path] [--man-path] [--info-path]\n           [-p | --paginate | -P | --no-pager] [--no-replace-objects] [--bare]\n           [--git-dir=<path>] [--work-tree=<path>] [--namespace=<name>]\n           [--super-prefix=<path>] [--config-env=<name>=<envvar>]\n           <command> [<args>]\n\nThese are common Git commands used in various situations:\n\nstart a working area (see also: git help tutorial)\n   clone     Clone a repository into a new directory\n   init      Create an empty Git repository or reinitialise an existing one\n\nwork on the current change (see also: git help everyday)\n   add       Add file contents to the index\n   mv        Move or rename a file, a directory, or a symlink\n   restore   Restore working tree files\n   rm        Remove files from the working tree and from the index\n\nexamine the history and state (see also: git help revisions)\n   bisect    Use binary search to find the commit that introduced a bug\n   diff      Show changes between commits, commit and working tree, etc\n   grep      Print lines matching a pattern\n   log       Show commit logs\n   show      Show various types of objects\n   status    Show the working tree status\n\ngrow, mark and tweak your common history\n   branch    List, create, or delete branches\n   commit    Record changes to the repository\n   merge     Join two or more development histories together\n   rebase    Reapply commits on top of another base tip\n   reset     Reset current HEAD to the specified state\n   switch    Switch branches\n   tag       Create, list, delete or verify a tag object signed with GPG\n\ncollaborate (see also: git help workflows)\n   fetch     Download objects and refs from another repository\n   pull      Fetch from and integrate with another repository or a local branch\n   push      Update remote refs along with associated objects\n\n'git help -a' and 'git help -g' list available subcommands and some\nconcept guides. See 'git help <command>' or 'git help <concept>'\nto read about a specific subcommand or concept.\nSee 'git help git' for an overview of the system.\n""
[0m13:55:25.035279 [debug] [MainThread]: STDERR: "b''"
[0m13:55:25.035934 [info ] [MainThread]:  - git [[32mOK found[0m]

[0m13:55:25.036585 [info ] [MainThread]: Connection:
[0m13:55:25.037245 [info ] [MainThread]:   method: service-account
[0m13:55:25.037769 [info ] [MainThread]:   database: world-fishing-827
[0m13:55:25.038256 [info ] [MainThread]:   execution_project: world-fishing-827
[0m13:55:25.038734 [info ] [MainThread]:   schema: tech_great_expectations
[0m13:55:25.039210 [info ] [MainThread]:   location: US
[0m13:55:25.039694 [info ] [MainThread]:   priority: interactive
[0m13:55:25.040191 [info ] [MainThread]:   maximum_bytes_billed: None
[0m13:55:25.040698 [info ] [MainThread]:   impersonate_service_account: None
[0m13:55:25.041180 [info ] [MainThread]:   job_retry_deadline_seconds: None
[0m13:55:25.041668 [info ] [MainThread]:   job_retries: 1
[0m13:55:25.042150 [info ] [MainThread]:   job_creation_timeout_seconds: None
[0m13:55:25.042634 [info ] [MainThread]:   job_execution_timeout_seconds: 300
[0m13:55:25.043107 [info ] [MainThread]:   keyfile: /mnt/encrypted_data/git/api_keys/world-fishing-827-02584bdf5326.json
[0m13:55:25.043584 [info ] [MainThread]:   timeout_seconds: 300
[0m13:55:25.044052 [info ] [MainThread]:   refresh_token: None
[0m13:55:25.044565 [info ] [MainThread]:   client_id: None
[0m13:55:25.045036 [info ] [MainThread]:   token_uri: None
[0m13:55:25.045510 [info ] [MainThread]:   dataproc_region: None
[0m13:55:25.045983 [info ] [MainThread]:   dataproc_cluster_name: None
[0m13:55:25.046457 [info ] [MainThread]:   gcs_bucket: None
[0m13:55:25.046929 [info ] [MainThread]:   dataproc_batch: None
[0m13:55:25.047743 [info ] [MainThread]: Registered adapter: bigquery=1.6.7
[0m13:55:25.049033 [debug] [MainThread]: Acquiring new bigquery connection 'debug'
[0m13:55:25.049723 [debug] [MainThread]: Opening a new connection, currently in state init
[0m13:55:25.140021 [debug] [MainThread]: On debug: select 1 as id
[0m13:55:27.501789 [debug] [MainThread]: BigQuery adapter: https://console.cloud.google.com/bigquery?project=world-fishing-827&j=bq:US:148ea4d3-1eda-43f4-839d-0c6c4f9a1d1f&page=queryresults
[0m13:55:28.229988 [info ] [MainThread]:   Connection test: [[32mOK connection ok[0m]

[0m13:55:28.231086 [info ] [MainThread]: [31m1 check failed:[0m
[0m13:55:28.231821 [info ] [MainThread]: Project loading failed for the following reason:
 project path </mnt/encrypted_data/git/data-testing/monitoring/dbt_project.yml> not found

[0m13:55:28.233092 [debug] [MainThread]: Command `dbt debug` failed at 13:55:28.232887 after 4.43 seconds
[0m13:55:28.233816 [debug] [MainThread]: Connection 'debug' was properly closed.
[0m13:55:28.234465 [debug] [MainThread]: Sending event: {'category': 'dbt', 'action': 'invocation', 'label': 'end', 'context': [<snowplow_tracker.self_describing_json.SelfDescribingJson object at 0x7f8a7f517c10>, <snowplow_tracker.self_describing_json.SelfDescribingJson object at 0x7f8a445b12e0>, <snowplow_tracker.self_describing_json.SelfDescribingJson object at 0x7f8a445b1ee0>]}
[0m13:55:28.235195 [debug] [MainThread]: Flushing usage events
